Analysis & Synthesis report for Ethernet_II_Frame_Parser
Sun Dec 24 23:26:59 2023
Quartus Prime Version 21.1.1 Build 850 06/23/2022 SJ Lite Edition


---------------------
; Table of Contents ;
---------------------
  1. Legal Notice
  2. Analysis & Synthesis Summary
  3. Analysis & Synthesis Settings
  4. Parallel Compilation
  5. Analysis & Synthesis Source Files Read
  6. Analysis & Synthesis Resource Usage Summary
  7. Analysis & Synthesis Resource Utilization by Entity
  8. State Machine - |Ethernet_II_Frame_Parser|currSt
  9. State Machine - |Ethernet_II_Frame_Parser|nextSt
 10. General Register Statistics
 11. Post-Synthesis Netlist Statistics for Top Partition
 12. Elapsed Time Per Partition
 13. Analysis & Synthesis Messages



----------------
; Legal Notice ;
----------------
Copyright (C) 2022  Intel Corporation. All rights reserved.
Your use of Intel Corporation's design tools, logic functions 
and other software and tools, and any partner logic 
functions, and any output files from any of the foregoing 
(including device programming or simulation files), and any 
associated documentation or information are expressly subject 
to the terms and conditions of the Intel Program License 
Subscription Agreement, the Intel Quartus Prime License Agreement,
the Intel FPGA IP License Agreement, or other applicable license
agreement, including, without limitation, that your use is for
the sole purpose of programming logic devices manufactured by
Intel and sold by Intel or its authorized distributors.  Please
refer to the applicable agreement for further details, at
https://fpgasoftware.intel.com/eula.



+-------------------------------------------------------------------------------+
; Analysis & Synthesis Summary                                                  ;
+---------------------------------+---------------------------------------------+
; Analysis & Synthesis Status     ; Successful - Sun Dec 24 23:26:59 2023       ;
; Quartus Prime Version           ; 21.1.1 Build 850 06/23/2022 SJ Lite Edition ;
; Revision Name                   ; Ethernet_II_Frame_Parser                    ;
; Top-level Entity Name           ; Ethernet_II_Frame_Parser                    ;
; Family                          ; Cyclone V                                   ;
; Logic utilization (in ALMs)     ; N/A                                         ;
; Total registers                 ; 343                                         ;
; Total pins                      ; 222                                         ;
; Total virtual pins              ; 0                                           ;
; Total block memory bits         ; 0                                           ;
; Total DSP Blocks                ; 0                                           ;
; Total HSSI RX PCSs              ; 0                                           ;
; Total HSSI PMA RX Deserializers ; 0                                           ;
; Total HSSI TX PCSs              ; 0                                           ;
; Total HSSI PMA TX Serializers   ; 0                                           ;
; Total PLLs                      ; 0                                           ;
; Total DLLs                      ; 0                                           ;
+---------------------------------+---------------------------------------------+


+---------------------------------------------------------------------------------------------------------------------------------------+
; Analysis & Synthesis Settings                                                                                                         ;
+---------------------------------------------------------------------------------+--------------------------+--------------------------+
; Option                                                                          ; Setting                  ; Default Value            ;
+---------------------------------------------------------------------------------+--------------------------+--------------------------+
; Device                                                                          ; 5CGXFC7C7F23C8           ;                          ;
; Top-level entity name                                                           ; Ethernet_II_Frame_Parser ; Ethernet_II_Frame_Parser ;
; Family name                                                                     ; Cyclone V                ; Cyclone V                ;
; Use smart compilation                                                           ; Off                      ; Off                      ;
; Enable parallel Assembler and Timing Analyzer during compilation                ; On                       ; On                       ;
; Enable compact report table                                                     ; Off                      ; Off                      ;
; Restructure Multiplexers                                                        ; Auto                     ; Auto                     ;
; MLAB Add Timing Constraints For Mixed-Port Feed-Through Mode Setting Don't Care ; Off                      ; Off                      ;
; Create Debugging Nodes for IP Cores                                             ; Off                      ; Off                      ;
; Preserve fewer node names                                                       ; On                       ; On                       ;
; Intel FPGA IP Evaluation Mode                                                   ; Enable                   ; Enable                   ;
; Verilog Version                                                                 ; Verilog_2001             ; Verilog_2001             ;
; VHDL Version                                                                    ; VHDL_1993                ; VHDL_1993                ;
; State Machine Processing                                                        ; Auto                     ; Auto                     ;
; Safe State Machine                                                              ; Off                      ; Off                      ;
; Extract Verilog State Machines                                                  ; On                       ; On                       ;
; Extract VHDL State Machines                                                     ; On                       ; On                       ;
; Ignore Verilog initial constructs                                               ; Off                      ; Off                      ;
; Iteration limit for constant Verilog loops                                      ; 5000                     ; 5000                     ;
; Iteration limit for non-constant Verilog loops                                  ; 250                      ; 250                      ;
; Add Pass-Through Logic to Inferred RAMs                                         ; On                       ; On                       ;
; Infer RAMs from Raw Logic                                                       ; On                       ; On                       ;
; Parallel Synthesis                                                              ; On                       ; On                       ;
; DSP Block Balancing                                                             ; Auto                     ; Auto                     ;
; NOT Gate Push-Back                                                              ; On                       ; On                       ;
; Power-Up Don't Care                                                             ; On                       ; On                       ;
; Remove Redundant Logic Cells                                                    ; Off                      ; Off                      ;
; Remove Duplicate Registers                                                      ; On                       ; On                       ;
; Ignore CARRY Buffers                                                            ; Off                      ; Off                      ;
; Ignore CASCADE Buffers                                                          ; Off                      ; Off                      ;
; Ignore GLOBAL Buffers                                                           ; Off                      ; Off                      ;
; Ignore ROW GLOBAL Buffers                                                       ; Off                      ; Off                      ;
; Ignore LCELL Buffers                                                            ; Off                      ; Off                      ;
; Ignore SOFT Buffers                                                             ; On                       ; On                       ;
; Limit AHDL Integers to 32 Bits                                                  ; Off                      ; Off                      ;
; Optimization Technique                                                          ; Balanced                 ; Balanced                 ;
; Carry Chain Length                                                              ; 70                       ; 70                       ;
; Auto Carry Chains                                                               ; On                       ; On                       ;
; Auto Open-Drain Pins                                                            ; On                       ; On                       ;
; Perform WYSIWYG Primitive Resynthesis                                           ; Off                      ; Off                      ;
; Auto ROM Replacement                                                            ; On                       ; On                       ;
; Auto RAM Replacement                                                            ; On                       ; On                       ;
; Auto DSP Block Replacement                                                      ; On                       ; On                       ;
; Auto Shift Register Replacement                                                 ; Auto                     ; Auto                     ;
; Allow Shift Register Merging across Hierarchies                                 ; Auto                     ; Auto                     ;
; Auto Clock Enable Replacement                                                   ; On                       ; On                       ;
; Strict RAM Replacement                                                          ; Off                      ; Off                      ;
; Allow Synchronous Control Signals                                               ; On                       ; On                       ;
; Force Use of Synchronous Clear Signals                                          ; Off                      ; Off                      ;
; Auto Resource Sharing                                                           ; Off                      ; Off                      ;
; Allow Any RAM Size For Recognition                                              ; Off                      ; Off                      ;
; Allow Any ROM Size For Recognition                                              ; Off                      ; Off                      ;
; Allow Any Shift Register Size For Recognition                                   ; Off                      ; Off                      ;
; Use LogicLock Constraints during Resource Balancing                             ; On                       ; On                       ;
; Ignore translate_off and synthesis_off directives                               ; Off                      ; Off                      ;
; Timing-Driven Synthesis                                                         ; On                       ; On                       ;
; Report Parameter Settings                                                       ; On                       ; On                       ;
; Report Source Assignments                                                       ; On                       ; On                       ;
; Report Connectivity Checks                                                      ; On                       ; On                       ;
; Ignore Maximum Fan-Out Assignments                                              ; Off                      ; Off                      ;
; Synchronization Register Chain Length                                           ; 3                        ; 3                        ;
; Power Optimization During Synthesis                                             ; Normal compilation       ; Normal compilation       ;
; HDL message level                                                               ; Level2                   ; Level2                   ;
; Suppress Register Optimization Related Messages                                 ; Off                      ; Off                      ;
; Number of Removed Registers Reported in Synthesis Report                        ; 5000                     ; 5000                     ;
; Number of Swept Nodes Reported in Synthesis Report                              ; 5000                     ; 5000                     ;
; Number of Inverted Registers Reported in Synthesis Report                       ; 100                      ; 100                      ;
; Clock MUX Protection                                                            ; On                       ; On                       ;
; Auto Gated Clock Conversion                                                     ; Off                      ; Off                      ;
; Block Design Naming                                                             ; Auto                     ; Auto                     ;
; SDC constraint protection                                                       ; Off                      ; Off                      ;
; Synthesis Effort                                                                ; Auto                     ; Auto                     ;
; Shift Register Replacement - Allow Asynchronous Clear Signal                    ; On                       ; On                       ;
; Pre-Mapping Resynthesis Optimization                                            ; Off                      ; Off                      ;
; Analysis & Synthesis Message Level                                              ; Medium                   ; Medium                   ;
; Disable Register Merging Across Hierarchies                                     ; Auto                     ; Auto                     ;
; Resource Aware Inference For Block RAM                                          ; On                       ; On                       ;
; Automatic Parallel Synthesis                                                    ; On                       ; On                       ;
; Partial Reconfiguration Bitstream ID                                            ; Off                      ; Off                      ;
+---------------------------------------------------------------------------------+--------------------------+--------------------------+


+------------------------------------------+
; Parallel Compilation                     ;
+----------------------------+-------------+
; Processors                 ; Number      ;
+----------------------------+-------------+
; Number detected on machine ; 16          ;
; Maximum allowed            ; 12          ;
;                            ;             ;
; Average used               ; 1.00        ;
; Maximum used               ; 12          ;
;                            ;             ;
; Usage by Processor         ; % Time Used ;
;     Processor 1            ; 100.0%      ;
;     Processors 2-12        ;   0.0%      ;
+----------------------------+-------------+


+-----------------------------------------------------------------------------------------------------------------------------------------------------------------------------------------------------------------+
; Analysis & Synthesis Source Files Read                                                                                                                                                                          ;
+----------------------------------+-----------------+-----------------------+--------------------------------------------------------------------------------------------------------------------------+---------+
; File Name with User-Entered Path ; Used in Netlist ; File Type             ; File Name with Absolute Path                                                                                             ; Library ;
+----------------------------------+-----------------+-----------------------+--------------------------------------------------------------------------------------------------------------------------+---------+
; ethernet_ii_frame_parser.vhd     ; yes             ; Auto-Found VHDL File  ; C:/Users/Darmawan Hanif/OneDrive - UNIVERSITAS INDONESIA/Universitas Indonesia/PSD/PSD-AP08/ethernet_ii_frame_parser.vhd ;         ;
; mac_address_parser.vhd           ; yes             ; Auto-Found VHDL File  ; C:/Users/Darmawan Hanif/OneDrive - UNIVERSITAS INDONESIA/Universitas Indonesia/PSD/PSD-AP08/mac_address_parser.vhd       ;         ;
; ethertype_parser.vhd             ; yes             ; Auto-Found VHDL File  ; C:/Users/Darmawan Hanif/OneDrive - UNIVERSITAS INDONESIA/Universitas Indonesia/PSD/PSD-AP08/ethertype_parser.vhd         ;         ;
; ids.vhd                          ; yes             ; Auto-Found VHDL File  ; C:/Users/Darmawan Hanif/OneDrive - UNIVERSITAS INDONESIA/Universitas Indonesia/PSD/PSD-AP08/ids.vhd                      ;         ;
+----------------------------------+-----------------+-----------------------+--------------------------------------------------------------------------------------------------------------------------+---------+


+---------------------------------------------------------+
; Analysis & Synthesis Resource Usage Summary             ;
+---------------------------------------------+-----------+
; Resource                                    ; Usage     ;
+---------------------------------------------+-----------+
; Estimate of Logic utilization (ALMs needed) ; 184       ;
;                                             ;           ;
; Combinational ALUT usage for logic          ; 45        ;
;     -- 7 input functions                    ; 0         ;
;     -- 6 input functions                    ; 21        ;
;     -- 5 input functions                    ; 13        ;
;     -- 4 input functions                    ; 3         ;
;     -- <=3 input functions                  ; 8         ;
;                                             ;           ;
; Dedicated logic registers                   ; 343       ;
;                                             ;           ;
; I/O pins                                    ; 222       ;
;                                             ;           ;
; Total DSP Blocks                            ; 0         ;
;                                             ;           ;
; Maximum fan-out node                        ; clk~input ;
; Maximum fan-out                             ; 343       ;
; Total fan-out                               ; 1573      ;
; Average fan-out                             ; 1.89      ;
+---------------------------------------------+-----------+


+-------------------------------------------------------------------------------------------------------------------------------------------------------------------------------------------------------------------------------------------------------+
; Analysis & Synthesis Resource Utilization by Entity                                                                                                                                                                                                   ;
+---------------------------------------+---------------------+---------------------------+-------------------+------------+------+--------------+------------------------------------------------------------+--------------------------+--------------+
; Compilation Hierarchy Node            ; Combinational ALUTs ; Dedicated Logic Registers ; Block Memory Bits ; DSP Blocks ; Pins ; Virtual Pins ; Full Hierarchy Name                                        ; Entity Name              ; Library Name ;
+---------------------------------------+---------------------+---------------------------+-------------------+------------+------+--------------+------------------------------------------------------------+--------------------------+--------------+
; |Ethernet_II_Frame_Parser             ; 45 (8)              ; 343 (343)                 ; 0                 ; 0          ; 222  ; 0            ; |Ethernet_II_Frame_Parser                                  ; Ethernet_II_Frame_Parser ; work         ;
;    |EtherType_Parser:ethertypeParser| ; 25 (25)             ; 0 (0)                     ; 0                 ; 0          ; 0    ; 0            ; |Ethernet_II_Frame_Parser|EtherType_Parser:ethertypeParser ; EtherType_Parser         ; work         ;
;    |IDS:detection|                    ; 1 (1)               ; 0 (0)                     ; 0                 ; 0          ; 0    ; 0            ; |Ethernet_II_Frame_Parser|IDS:detection                    ; IDS                      ; work         ;
;    |MAC_Address_Parser:addressParser| ; 11 (11)             ; 0 (0)                     ; 0                 ; 0          ; 0    ; 0            ; |Ethernet_II_Frame_Parser|MAC_Address_Parser:addressParser ; MAC_Address_Parser       ; work         ;
+---------------------------------------+---------------------+---------------------------+-------------------+------------+------+--------------+------------------------------------------------------------+--------------------------+--------------+
Note: For table entries with two numbers listed, the numbers in parentheses indicate the number of resources of the given type used by the specific entity alone. The numbers listed outside of parentheses indicate the total resources of the given type used by the specific entity and all of its sub-entities in the hierarchy.


Encoding Type:  One-Hot
+-----------------------------------------------------------------------------------------------+
; State Machine - |Ethernet_II_Frame_Parser|currSt                                              ;
+-----------------+-----------------+---------------+--------------+--------------+-------------+
; Name            ; currSt.COMPLETE ; currSt.DETECT ; currSt.PARSE ; currSt.FETCH ; currSt.IDLE ;
+-----------------+-----------------+---------------+--------------+--------------+-------------+
; currSt.IDLE     ; 0               ; 0             ; 0            ; 0            ; 0           ;
; currSt.FETCH    ; 0               ; 0             ; 0            ; 1            ; 1           ;
; currSt.PARSE    ; 0               ; 0             ; 1            ; 0            ; 1           ;
; currSt.DETECT   ; 0               ; 1             ; 0            ; 0            ; 1           ;
; currSt.COMPLETE ; 1               ; 0             ; 0            ; 0            ; 1           ;
+-----------------+-----------------+---------------+--------------+--------------+-------------+


Encoding Type:  One-Hot
+-----------------------------------------------------------------------------------------------+
; State Machine - |Ethernet_II_Frame_Parser|nextSt                                              ;
+-----------------+-----------------+---------------+--------------+--------------+-------------+
; Name            ; nextSt.COMPLETE ; nextSt.DETECT ; nextSt.PARSE ; nextSt.FETCH ; nextSt.IDLE ;
+-----------------+-----------------+---------------+--------------+--------------+-------------+
; nextSt.IDLE     ; 0               ; 0             ; 0            ; 0            ; 0           ;
; nextSt.FETCH    ; 0               ; 0             ; 0            ; 1            ; 1           ;
; nextSt.PARSE    ; 0               ; 0             ; 1            ; 0            ; 1           ;
; nextSt.DETECT   ; 0               ; 1             ; 0            ; 0            ; 1           ;
; nextSt.COMPLETE ; 1               ; 0             ; 0            ; 0            ; 1           ;
+-----------------+-----------------+---------------+--------------+--------------+-------------+


+------------------------------------------------------+
; General Register Statistics                          ;
+----------------------------------------------+-------+
; Statistic                                    ; Value ;
+----------------------------------------------+-------+
; Total registers                              ; 343   ;
; Number of registers using Synchronous Clear  ; 0     ;
; Number of registers using Synchronous Load   ; 0     ;
; Number of registers using Asynchronous Clear ; 0     ;
; Number of registers using Asynchronous Load  ; 0     ;
; Number of registers using Clock Enable       ; 333   ;
; Number of registers using Preset             ; 0     ;
+----------------------------------------------+-------+


+-----------------------------------------------------+
; Post-Synthesis Netlist Statistics for Top Partition ;
+-----------------------+-----------------------------+
; Type                  ; Count                       ;
+-----------------------+-----------------------------+
; arriav_ff             ; 343                         ;
;     ENA               ; 333                         ;
;     plain             ; 10                          ;
; arriav_lcell_comb     ; 45                          ;
;     normal            ; 45                          ;
;         2 data inputs ; 4                           ;
;         3 data inputs ; 4                           ;
;         4 data inputs ; 3                           ;
;         5 data inputs ; 13                          ;
;         6 data inputs ; 21                          ;
; boundary_port         ; 222                         ;
;                       ;                             ;
; Max LUT depth         ; 4.00                        ;
; Average LUT depth     ; 0.86                        ;
+-----------------------+-----------------------------+


+-------------------------------+
; Elapsed Time Per Partition    ;
+----------------+--------------+
; Partition Name ; Elapsed Time ;
+----------------+--------------+
; Top            ; 00:00:00     ;
+----------------+--------------+


+-------------------------------+
; Analysis & Synthesis Messages ;
+-------------------------------+
Info: *******************************************************************
Info: Running Quartus Prime Analysis & Synthesis
    Info: Version 21.1.1 Build 850 06/23/2022 SJ Lite Edition
    Info: Processing started: Sun Dec 24 23:26:52 2023
Info: Command: quartus_map --read_settings_files=on --write_settings_files=off Ethernet_II_Frame_Parser -c Ethernet_II_Frame_Parser
Warning (18236): Number of processors has not been specified which may cause overloading on shared machines.  Set the global assignment NUM_PARALLEL_PROCESSORS in your QSF to an appropriate value for best performance.
Info (20030): Parallel compilation is enabled and will use 12 of the 12 processors detected
Warning (12125): Using design file ethernet_ii_frame_parser.vhd, which is not specified as a design file for the current project, but contains definitions for 2 design units and 1 entities in project
    Info (12022): Found design unit 1: Ethernet_II_Frame_Parser-rtl File: C:/Users/Darmawan Hanif/OneDrive - UNIVERSITAS INDONESIA/Universitas Indonesia/PSD/PSD-AP08/ethernet_ii_frame_parser.vhd Line: 29
    Info (12023): Found entity 1: Ethernet_II_Frame_Parser File: C:/Users/Darmawan Hanif/OneDrive - UNIVERSITAS INDONESIA/Universitas Indonesia/PSD/PSD-AP08/ethernet_ii_frame_parser.vhd Line: 5
Info (12127): Elaborating entity "Ethernet_II_Frame_Parser" for the top level hierarchy
Warning (12125): Using design file mac_address_parser.vhd, which is not specified as a design file for the current project, but contains definitions for 2 design units and 1 entities in project
    Info (12022): Found design unit 1: MAC_Address_Parser-rtl File: C:/Users/Darmawan Hanif/OneDrive - UNIVERSITAS INDONESIA/Universitas Indonesia/PSD/PSD-AP08/mac_address_parser.vhd Line: 17
    Info (12023): Found entity 1: MAC_Address_Parser File: C:/Users/Darmawan Hanif/OneDrive - UNIVERSITAS INDONESIA/Universitas Indonesia/PSD/PSD-AP08/mac_address_parser.vhd Line: 5
Info (12128): Elaborating entity "MAC_Address_Parser" for hierarchy "MAC_Address_Parser:addressParser" File: C:/Users/Darmawan Hanif/OneDrive - UNIVERSITAS INDONESIA/Universitas Indonesia/PSD/PSD-AP08/ethernet_ii_frame_parser.vhd Line: 96
Warning (10492): VHDL Process Statement warning at mac_address_parser.vhd(22): signal "data_in" is read inside the Process Statement but isn't in the Process Statement's sensitivity list File: C:/Users/Darmawan Hanif/OneDrive - UNIVERSITAS INDONESIA/Universitas Indonesia/PSD/PSD-AP08/mac_address_parser.vhd Line: 22
Warning (10492): VHDL Process Statement warning at mac_address_parser.vhd(23): signal "data_in" is read inside the Process Statement but isn't in the Process Statement's sensitivity list File: C:/Users/Darmawan Hanif/OneDrive - UNIVERSITAS INDONESIA/Universitas Indonesia/PSD/PSD-AP08/mac_address_parser.vhd Line: 23
Warning (10492): VHDL Process Statement warning at mac_address_parser.vhd(24): signal "data_in" is read inside the Process Statement but isn't in the Process Statement's sensitivity list File: C:/Users/Darmawan Hanif/OneDrive - UNIVERSITAS INDONESIA/Universitas Indonesia/PSD/PSD-AP08/mac_address_parser.vhd Line: 24
Warning (10492): VHDL Process Statement warning at mac_address_parser.vhd(25): signal "dst_add_temp" is read inside the Process Statement but isn't in the Process Statement's sensitivity list File: C:/Users/Darmawan Hanif/OneDrive - UNIVERSITAS INDONESIA/Universitas Indonesia/PSD/PSD-AP08/mac_address_parser.vhd Line: 25
Warning (12125): Using design file ethertype_parser.vhd, which is not specified as a design file for the current project, but contains definitions for 2 design units and 1 entities in project
    Info (12022): Found design unit 1: EtherType_Parser-rtl File: C:/Users/Darmawan Hanif/OneDrive - UNIVERSITAS INDONESIA/Universitas Indonesia/PSD/PSD-AP08/ethertype_parser.vhd Line: 25
    Info (12023): Found entity 1: EtherType_Parser File: C:/Users/Darmawan Hanif/OneDrive - UNIVERSITAS INDONESIA/Universitas Indonesia/PSD/PSD-AP08/ethertype_parser.vhd Line: 5
Info (12128): Elaborating entity "EtherType_Parser" for hierarchy "EtherType_Parser:ethertypeParser" File: C:/Users/Darmawan Hanif/OneDrive - UNIVERSITAS INDONESIA/Universitas Indonesia/PSD/PSD-AP08/ethernet_ii_frame_parser.vhd Line: 97
Warning (10492): VHDL Process Statement warning at ethertype_parser.vhd(30): signal "data_in" is read inside the Process Statement but isn't in the Process Statement's sensitivity list File: C:/Users/Darmawan Hanif/OneDrive - UNIVERSITAS INDONESIA/Universitas Indonesia/PSD/PSD-AP08/ethertype_parser.vhd Line: 30
Warning (12125): Using design file ids.vhd, which is not specified as a design file for the current project, but contains definitions for 2 design units and 1 entities in project
    Info (12022): Found design unit 1: IDS-rtl File: C:/Users/Darmawan Hanif/OneDrive - UNIVERSITAS INDONESIA/Universitas Indonesia/PSD/PSD-AP08/ids.vhd Line: 17
    Info (12023): Found entity 1: IDS File: C:/Users/Darmawan Hanif/OneDrive - UNIVERSITAS INDONESIA/Universitas Indonesia/PSD/PSD-AP08/ids.vhd Line: 5
Info (12128): Elaborating entity "IDS" for hierarchy "IDS:detection" File: C:/Users/Darmawan Hanif/OneDrive - UNIVERSITAS INDONESIA/Universitas Indonesia/PSD/PSD-AP08/ethernet_ii_frame_parser.vhd Line: 98
Warning (10492): VHDL Process Statement warning at ids.vhd(22): signal "isARP" is read inside the Process Statement but isn't in the Process Statement's sensitivity list File: C:/Users/Darmawan Hanif/OneDrive - UNIVERSITAS INDONESIA/Universitas Indonesia/PSD/PSD-AP08/ids.vhd Line: 22
Warning (10492): VHDL Process Statement warning at ids.vhd(22): signal "isRARP" is read inside the Process Statement but isn't in the Process Statement's sensitivity list File: C:/Users/Darmawan Hanif/OneDrive - UNIVERSITAS INDONESIA/Universitas Indonesia/PSD/PSD-AP08/ids.vhd Line: 22
Warning (10492): VHDL Process Statement warning at ids.vhd(22): signal "is_broadcast" is read inside the Process Statement but isn't in the Process Statement's sensitivity list File: C:/Users/Darmawan Hanif/OneDrive - UNIVERSITAS INDONESIA/Universitas Indonesia/PSD/PSD-AP08/ids.vhd Line: 22
Info (286030): Timing-Driven Synthesis is running
Info (16010): Generating hard_block partition "hard_block:auto_generated_inst"
    Info (16011): Adding 0 node(s), including 0 DDIO, 0 PLL, 0 transceiver and 0 LCELL
Info (21057): Implemented 605 device resources after synthesis - the final resource count might be different
    Info (21058): Implemented 113 input pins
    Info (21059): Implemented 109 output pins
    Info (21061): Implemented 383 logic cells
Info: Quartus Prime Analysis & Synthesis was successful. 0 errors, 13 warnings
    Info: Peak virtual memory: 4922 megabytes
    Info: Processing ended: Sun Dec 24 23:26:59 2023
    Info: Elapsed time: 00:00:07
    Info: Total CPU time (on all processors): 00:00:03


